* This file is a dictionary of all mob identifiers (modname:mobname) to help you.
* The MISC mobs can only be spawned as Psuedo Mobs.  They do not spawn normally.
* Some MISC things like Item Frames won't spawn propery.
* 
minecraft:allay, CREATURE
minecraft:area_effect_cloud, MISC
minecraft:armor_stand, MISC
minecraft:arrow, MISC
minecraft:axolotl, AXOLOTLS
minecraft:bat, AMBIENT
minecraft:bee, CREATURE
minecraft:blaze, MONSTER
minecraft:block_display, MISC
minecraft:boat, MISC
minecraft:camel, CREATURE
minecraft:cat, CREATURE
minecraft:cave_spider, MONSTER
minecraft:chest_boat, MISC
minecraft:chest_minecart, MISC
minecraft:chicken, CREATURE
minecraft:cod, WATER_AMBIENT
minecraft:command_block_minecart, MISC
minecraft:cow, CREATURE
minecraft:creeper, MONSTER
minecraft:dolphin, WATER_CREATURE
minecraft:donkey, CREATURE
minecraft:dragon_fireball, MISC
minecraft:drowned, MONSTER
minecraft:egg, MISC
minecraft:elder_guardian, MONSTER
minecraft:end_crystal, MISC
minecraft:ender_dragon, MONSTER
minecraft:ender_pearl, MISC
minecraft:enderman, MONSTER
minecraft:endermite, MONSTER
minecraft:evoker, MONSTER
minecraft:evoker_fangs, MISC
minecraft:experience_bottle, MISC
minecraft:experience_orb, MISC
minecraft:eye_of_ender, MISC
minecraft:falling_block, MISC
minecraft:firework_rocket, MISC
minecraft:fox, CREATURE
minecraft:frog, CREATURE
minecraft:furnace_minecart, MISC
minecraft:ghast, MONSTER
minecraft:giant, MONSTER
minecraft:glow_item_frame, MISC
minecraft:glow_squid, UNDERGROUND_WATER_CREATURE
minecraft:goat, CREATURE
minecraft:guardian, MONSTER
minecraft:hoglin, MONSTER
minecraft:hopper_minecart, MISC
minecraft:horse, CREATURE
minecraft:husk, MONSTER
minecraft:illusioner, MONSTER
minecraft:interaction, MISC
minecraft:iron_golem, MISC
minecraft:item, MISC
minecraft:item_display, MISC
minecraft:item_frame, MISC
minecraft:fireball, MISC
minecraft:leash_knot, MISC
minecraft:lightning_bolt, MISC
minecraft:llama, CREATURE
minecraft:llama_spit, MISC
minecraft:magma_cube, MONSTER
minecraft:marker, MISC
minecraft:minecart, MISC
minecraft:mooshroom, CREATURE
minecraft:mule, CREATURE
minecraft:ocelot, CREATURE
minecraft:painting, MISC
minecraft:panda, CREATURE
minecraft:parrot, CREATURE
minecraft:phantom, MONSTER
minecraft:pig, CREATURE
minecraft:piglin, MONSTER
minecraft:piglin_brute, MONSTER
minecraft:pillager, MONSTER
minecraft:polar_bear, CREATURE
minecraft:potion, MISC
minecraft:pufferfish, WATER_AMBIENT
minecraft:rabbit, CREATURE
minecraft:ravager, MONSTER
minecraft:salmon, WATER_AMBIENT
minecraft:sheep, CREATURE
minecraft:shulker, MONSTER
minecraft:shulker_bullet, MISC
minecraft:silverfish, MONSTER
minecraft:skeleton, MONSTER
minecraft:skeleton_horse, CREATURE
minecraft:slime, MONSTER
minecraft:small_fireball, MISC
minecraft:sniffer, CREATURE
minecraft:snow_golem, MISC
minecraft:snowball, MISC
minecraft:spawner_minecart, MISC
minecraft:spectral_arrow, MISC
minecraft:spider, MONSTER
minecraft:squid, WATER_CREATURE
minecraft:stray, MONSTER
minecraft:strider, CREATURE
minecraft:tadpole, CREATURE
minecraft:text_display, MISC
minecraft:tnt, MISC
minecraft:tnt_minecart, MISC
minecraft:trader_llama, CREATURE
minecraft:trident, MISC
minecraft:tropical_fish, WATER_AMBIENT
minecraft:turtle, CREATURE
minecraft:vex, MONSTER
minecraft:villager, MISC
minecraft:vindicator, MONSTER
minecraft:wandering_trader, CREATURE
minecraft:warden, MONSTER
minecraft:witch, MONSTER
minecraft:wither, MONSTER
minecraft:wither_skeleton, MONSTER
minecraft:wither_skull, MISC
minecraft:wolf, CREATURE
minecraft:zoglin, MONSTER
minecraft:zombie, MONSTER
minecraft:zombie_horse, CREATURE
minecraft:zombie_villager, MONSTER
minecraft:zombified_piglin, MONSTER
ae2:tiny_tnt_primed, MISC
rotted:marine, zombie
rotted:doctor, zombie
rotted:farmer, zombie
rotted:miner, zombie
rotted:adventurer, zombie
rotted:flusk, zombie
rotted:shielder, zombie
ad_astra:tier_5_rocket, MISC
ad_astra:tier_6_rocket, MISC
ad_astra:tier_7_rocket, MISC
alexsmobs:grizzly_bear, CREATURE
alexsmobs:roadrunner, CREATURE
alexsmobs:bone_serpent, MONSTER
alexsmobs:bone_serpent_part, MONSTER
alexsmobs:gazelle, CREATURE
alexsmobs:crocodile, CREATURE
alexsmobs:fly, AMBIENT
alexsmobs:hummingbird, CREATURE
alexsmobs:orca, WATER_CREATURE
alexsmobs:sunbird, CREATURE
alexsmobs:gorilla, CREATURE
alexsmobs:crimson_mosquito, MONSTER
alexsmobs:mosquito_spit, MISC
alexsmobs:rattlesnake, CREATURE
alexsmobs:endergrade, CREATURE
alexsmobs:hammerhead_shark, WATER_CREATURE
alexsmobs:shark_tooth_arrow, MISC
alexsmobs:lobster, WATER_AMBIENT
alexsmobs:komodo_dragon, CREATURE
alexsmobs:capuchin_monkey, CREATURE
alexsmobs:tossed_item, MISC
alexsmobs:centipede_head, MONSTER
alexsmobs:centipede_body, MISC
alexsmobs:centipede_tail, MISC
alexsmobs:warped_toad, CREATURE
alexsmobs:moose, CREATURE
alexsmobs:mimicube, MONSTER
alexsmobs:raccoon, CREATURE
alexsmobs:blobfish, WATER_AMBIENT
alexsmobs:seal, CREATURE
alexsmobs:cockroach, AMBIENT
alexsmobs:cockroach_egg, MISC
alexsmobs:shoebill, CREATURE
alexsmobs:elephant, CREATURE
alexsmobs:soul_vulture, MONSTER
alexsmobs:snow_leopard, CREATURE
alexsmobs:spectre, CREATURE
alexsmobs:crow, CREATURE
alexsmobs:alligator_snapping_turtle, CREATURE
alexsmobs:mungus, CREATURE
alexsmobs:mantis_shrimp, WATER_CREATURE
alexsmobs:guster, MONSTER
alexsmobs:sand_shot, MISC
alexsmobs:gust, MISC
alexsmobs:warped_mosco, MONSTER
alexsmobs:hemolymph, MISC
alexsmobs:straddler, MONSTER
alexsmobs:stradpole, WATER_AMBIENT
alexsmobs:straddleboard, MISC
alexsmobs:emu, CREATURE
alexsmobs:emu_egg, MISC
alexsmobs:platypus, CREATURE
alexsmobs:dropbear, MONSTER
alexsmobs:tasmanian_devil, CREATURE
alexsmobs:kangaroo, CREATURE
alexsmobs:cachalot_whale, WATER_CREATURE
alexsmobs:cachalot_echo, MISC
alexsmobs:leafcutter_ant, CREATURE
alexsmobs:enderiophage, CREATURE
alexsmobs:enderiophage_rocket, MISC
alexsmobs:bald_eagle, CREATURE
alexsmobs:tiger, CREATURE
alexsmobs:tarantula_hawk, CREATURE
alexsmobs:void_worm, MONSTER
alexsmobs:void_worm_part, MONSTER
alexsmobs:void_worm_shot, MISC
alexsmobs:void_portal, MISC
alexsmobs:frilled_shark, WATER_CREATURE
alexsmobs:mimic_octopus, WATER_CREATURE
alexsmobs:seagull, CREATURE
alexsmobs:froststalker, CREATURE
alexsmobs:ice_shard, MISC
alexsmobs:tusklin, CREATURE
alexsmobs:laviathan, CREATURE
alexsmobs:cosmaw, CREATURE
alexsmobs:toucan, CREATURE
alexsmobs:maned_wolf, CREATURE
alexsmobs:anaconda, CREATURE
alexsmobs:anaconda_part, MISC
alexsmobs:vine_lasso, MISC
alexsmobs:anteater, CREATURE
alexsmobs:rocky_roller, MONSTER
alexsmobs:flutter, AMBIENT
alexsmobs:pollen_ball, MISC
alexsmobs:gelada_monkey, CREATURE
alexsmobs:jerboa, AMBIENT
alexsmobs:terrapin, WATER_AMBIENT
alexsmobs:comb_jelly, WATER_AMBIENT
alexsmobs:cosmic_cod, AMBIENT
alexsmobs:bunfungus, CREATURE
alexsmobs:bison, CREATURE
alexsmobs:giant_squid, WATER_CREATURE
alexsmobs:squid_grapple, MISC
alexsmobs:sea_bear, WATER_CREATURE
alexsmobs:devils_hole_pupfish, WATER_AMBIENT
alexsmobs:catfish, WATER_AMBIENT
alexsmobs:flying_fish, WATER_AMBIENT
alexsmobs:skelewag, MONSTER
alexsmobs:rain_frog, AMBIENT
alexsmobs:potoo, CREATURE
alexsmobs:mudskipper, CREATURE
alexsmobs:mud_ball, MISC
alexsmobs:rhinoceros, CREATURE
alexsmobs:sugar_glider, CREATURE
alexsmobs:farseer, MONSTER
alexsmobs:skreecher, CREATURE
alexsmobs:underminer, AMBIENT
alexsmobs:murmur, MONSTER
alexsmobs:murmur_head, MONSTER
alexsmobs:tendon_segment, MISC
alexsmobs:skunk, CREATURE
alexsmobs:fart, MISC
alexsmobs:banana_slug, CREATURE
alexsmobs:blue_jay, CREATURE
alexsmobs:caiman, CREATURE
alexsmobs:triops, WATER_AMBIENT
zombieawareness:scent, MISC
hordes:zombie_player, MONSTER
hordes:husk_player, MONSTER
hordes:drowned_player, MONSTER
railways:benchcart, MISC
railways:jukeboxcart, MISC
railways:conductor, CREATURE
interiors:big_seat, MISC
farmersdelight:rotten_tomato, MISC
enhancedai:thrown_web, MISC
refurbished_furniture:seat, MISC
tacz:target_minecart, MISC
mekanism:flame, MISC
pneumaticcraft:drone, CREATURE
pneumaticcraft:logistics_drone, CREATURE
pneumaticcraft:harvesting_drone, CREATURE
pneumaticcraft:guard_drone, CREATURE
pneumaticcraft:collector_drone, CREATURE
pneumaticcraft:amadrone, CREATURE
pneumaticcraft:programmable_controller, CREATURE
pneumaticcraft:vortex, MISC
pneumaticcraft:micromissile, MISC
pneumaticcraft:tumbling_block, MISC
pneumaticcraft:ring, MISC
pneumaticcraft:crop_support, MISC
pneumaticcraft:spawner_agitator, MISC
pneumaticcraft:heat_frame, MISC
pneumaticcraft:transfer_gadget, MISC
pneumaticcraft:logistics_frame_active_provider, MISC
pneumaticcraft:logistics_frame_passive_provider, MISC
pneumaticcraft:logistics_frame_storage, MISC
pneumaticcraft:logistics_frame_default_storage, MISC
pneumaticcraft:logistics_frame_requester, MISC
mutantszombies:blister_zombie, MONSTER
mutantszombies:crawler, MONSTER
mutantszombies:spitter, MONSTER
mutantszombies:spitter_projectile, MISC
mutantszombies:zombie_brute, MONSTER
loot_bags_and_crates_1121:lt_1, MONSTER
loot_bags_and_crates_1121:gehennaslimeanimated, MONSTER
loot_bags_and_crates_1121:gehenna_wizzard, MONSTER
loot_bags_and_crates_1121:gehenna_zombie, MONSTER
loot_bags_and_crates_1121:witch_beast, MONSTER
loot_bags_and_crates_1121:echidna_witch_of_greed, MONSTER
loot_bags_and_crates_1121:ms_1, MONSTER
loot_bags_and_crates_1121:ms_2, MONSTER
loot_bags_and_crates_1121:ms_3, MONSTER
loot_bags_and_crates_1121:ms_4, MONSTER
loot_bags_and_crates_1121:lt_2, MONSTER
loot_bags_and_crates_1121:lt_3, MONSTER
loot_bags_and_crates_1121:lt_4, MONSTER
loot_bags_and_crates_1121:lt_5, MONSTER
loot_bags_and_crates_1121:lt_6, MONSTER
loot_bags_and_crates_1121:lt_7, MONSTER
loot_bags_and_crates_1121:lt_8, MONSTER
loot_bags_and_crates_1121:lt_9, MONSTER
loot_bags_and_crates_1121:lt_10, MONSTER
loot_bags_and_crates_1121:aw_1, MONSTER
loot_bags_and_crates_1121:aw_2, MONSTER
loot_bags_and_crates_1121:aw_3, MONSTER
loot_bags_and_crates_1121:aw_4, MONSTER
loot_bags_and_crates_1121:aw_5, MONSTER
loot_bags_and_crates_1121:aw_6, MONSTER
loot_bags_and_crates_1121:aw_7, MONSTER
loot_bags_and_crates_1121:aw_8, MONSTER
loot_bags_and_crates_1121:aw_9, MONSTER
loot_bags_and_crates_1121:aw_10, MONSTER
loot_bags_and_crates_1121:aw_11, MONSTER
loot_bags_and_crates_1121:aw_12, MONSTER
loot_bags_and_crates_1121:mb_1, MONSTER
loot_bags_and_crates_1121:mb_2, MONSTER
loot_bags_and_crates_1121:mb_3, MONSTER
loot_bags_and_crates_1121:mb_4, MONSTER
loot_bags_and_crates_1121:mb_5, MONSTER
loot_bags_and_crates_1121:mb_6, MONSTER
loot_bags_and_crates_1121:mb_7, MONSTER
loot_bags_and_crates_1121:mb_8, MONSTER
loot_bags_and_crates_1121:ms_5, MONSTER
loot_bags_and_crates_1121:lt_11, MONSTER
loot_bags_and_crates_1121:aw_13, MONSTER
loot_bags_and_crates_1121:sekki_blast, MONSTER
loot_bags_and_crates_1121:nothing, MONSTER
loot_bags_and_crates_1121:nothing_3, MONSTER
loot_bags_and_crates_1121:nothing_2, MONSTER
loot_bags_and_crates_1121:rftoolnothingness, MONSTER
loot_bags_and_crates_1121:createnothingness, MONSTER
loot_bags_and_crates_1121:mekanismnothingness, MONSTER
loot_bags_and_crates_1121:powahnothingness, MONSTER
loot_bags_and_crates_1121:industrialforgegoingnothingness, MONSTER
loot_bags_and_crates_1121:refinedstoragenothingness, MONSTER
loot_bags_and_crates_1121:appliedenergistics_2nothingness, MONSTER
loot_bags_and_crates_1121:immersiveengeneeringnothingness, MONSTER
loot_bags_and_crates_1121:thermalseriesnothingness, MONSTER
loot_bags_and_crates_1121:undeadnothingness, MONSTER
loot_bags_and_crates_1121:athropodnothingness, MONSTER
loot_bags_and_crates_1121:achievementnothingness, MONSTER
loot_bags_and_crates_1121:greg_tech_nothingness, MONSTER
loot_bags_and_crates_1121:pneumatic_nothingness, MONSTER
loot_bags_and_crates_1121:mobgrindingnothingness, MONSTER
loot_bags_and_crates_1121:ender_io_nothingness, MONSTER
loot_bags_and_crates_1121:projectile_gehennacharge, MISC
loot_bags_and_crates_1121:projectile_wizardburstprojectile, MISC
loot_bags_and_crates_1121:gate_of_babylon, MONSTER
create:contraption, MISC
create:stationary_contraption, MISC
create:gantry_contraption, MISC
create:carriage_contraption, MISC
create:super_glue, MISC
create:crafting_blueprint, MISC
create:potato_projectile, MISC
create:seat, MISC
create:package, MISC
minecolonies:citizen, CREATURE
minecolonies:fishhook, MISC
minecolonies:visitor, CREATURE
minecolonies:mercenary, CREATURE
minecolonies:barbarian, MONSTER
minecolonies:archerbarbarian, MONSTER
minecolonies:chiefbarbarian, MONSTER
minecolonies:pirate, MONSTER
minecolonies:archerpirate, MONSTER
minecolonies:chiefpirate, MONSTER
minecolonies:sittingentity, MISC
minecolonies:mcminecart, MISC
minecolonies:mummy, MONSTER
minecolonies:archermummy, MONSTER
minecolonies:pharao, MONSTER
minecolonies:amazon, MONSTER
minecolonies:amazonspearman, MONSTER
minecolonies:amazonchief, MONSTER
minecolonies:firearrow, MISC
minecolonies:mcnormalarrow, MISC
minecolonies:druidpotion, MISC
minecolonies:shieldmaiden, MONSTER
minecolonies:norsemenarcher, MONSTER
minecolonies:norsemenchief, MONSTER
minecolonies:spear, MISC
minecolonies:drownedpirate, MONSTER
minecolonies:drownedarcherpirate, MONSTER
minecolonies:drownedchiefpirate, MONSTER
minecolonies:campbarbarian, MONSTER
minecolonies:camparcherbarbarian, MONSTER
minecolonies:campchiefbarbarian, MONSTER
minecolonies:camppirate, MONSTER
minecolonies:camparcherpirate, MONSTER
minecolonies:campchiefpirate, MONSTER
minecolonies:campamazon, MONSTER
minecolonies:campamazonspearman, MONSTER
minecolonies:campamazonchief, MONSTER
minecolonies:campmummy, MONSTER
minecolonies:camparchermummy, MONSTER
minecolonies:camppharao, MONSTER
minecolonies:campshieldmaiden, MONSTER
minecolonies:campnorsemenarcher, MONSTER
minecolonies:campnorsemenchief, MONSTER
minecolonies:campdrownedpirate, MONSTER
minecolonies:campdrownedarcherpirate, MONSTER
minecolonies:campdrownedchiefpirate, MONSTER
create_enchantment_industry:hyper_experience_orb, MISC
create_enchantment_industry:hyper_experience_bottle, MISC
ad_astra:tier_1_rover, MISC
ad_astra:tier_1_rocket, MISC
ad_astra:tier_2_rocket, MISC
ad_astra:tier_3_rocket, MISC
ad_astra:tier_4_rocket, MISC
ad_astra:lander, MISC
ad_astra:lunarian, CREATURE
ad_astra:corrupted_lunarian, MONSTER
ad_astra:star_crawler, MONSTER
ad_astra:martian_raptor, MONSTER
ad_astra:pygro, MONSTER
ad_astra:zombified_pygro, MONSTER
ad_astra:pygro_brute, MONSTER
ad_astra:mogler, MONSTER
ad_astra:zombified_mogler, MONSTER
ad_astra:lunarian_wandering_trader, CREATURE
ad_astra:sulfur_creeper, MONSTER
ad_astra:glacian_ram, CREATURE
ad_astra:ice_spit, MISC
* This file is a dictionary of all mob identifiers (modname:mobname) to help you.
* The MISC mobs can only be spawned as Psuedo Mobs.  They do not spawn normally.
* Some MISC things like Item Frames won't spawn propery.
* 
minecraft:allay, CREATURE
minecraft:area_effect_cloud, MISC
minecraft:armor_stand, MISC
minecraft:arrow, MISC
minecraft:axolotl, AXOLOTLS
minecraft:bat, AMBIENT
minecraft:bee, CREATURE
minecraft:blaze, MONSTER
minecraft:block_display, MISC
minecraft:boat, MISC
minecraft:camel, CREATURE
minecraft:cat, CREATURE
minecraft:cave_spider, MONSTER
minecraft:chest_boat, MISC
minecraft:chest_minecart, MISC
minecraft:chicken, CREATURE
minecraft:cod, WATER_AMBIENT
minecraft:command_block_minecart, MISC
minecraft:cow, CREATURE
minecraft:creeper, MONSTER
minecraft:dolphin, WATER_CREATURE
minecraft:donkey, CREATURE
minecraft:dragon_fireball, MISC
minecraft:drowned, MONSTER
minecraft:egg, MISC
minecraft:elder_guardian, MONSTER
minecraft:end_crystal, MISC
minecraft:ender_dragon, MONSTER
minecraft:ender_pearl, MISC
minecraft:enderman, MONSTER
minecraft:endermite, MONSTER
minecraft:evoker, MONSTER
minecraft:evoker_fangs, MISC
minecraft:experience_bottle, MISC
minecraft:experience_orb, MISC
minecraft:eye_of_ender, MISC
minecraft:falling_block, MISC
minecraft:firework_rocket, MISC
minecraft:fox, CREATURE
minecraft:frog, CREATURE
minecraft:furnace_minecart, MISC
minecraft:ghast, MONSTER
minecraft:giant, MONSTER
minecraft:glow_item_frame, MISC
minecraft:glow_squid, UNDERGROUND_WATER_CREATURE
minecraft:goat, CREATURE
minecraft:guardian, MONSTER
minecraft:hoglin, MONSTER
minecraft:hopper_minecart, MISC
minecraft:horse, CREATURE
minecraft:husk, MONSTER
minecraft:illusioner, MONSTER
minecraft:interaction, MISC
minecraft:iron_golem, MISC
minecraft:item, MISC
minecraft:item_display, MISC
minecraft:item_frame, MISC
minecraft:fireball, MISC
minecraft:leash_knot, MISC
minecraft:lightning_bolt, MISC
minecraft:llama, CREATURE
minecraft:llama_spit, MISC
minecraft:magma_cube, MONSTER
minecraft:marker, MISC
minecraft:minecart, MISC
minecraft:mooshroom, CREATURE
minecraft:mule, CREATURE
minecraft:ocelot, CREATURE
minecraft:painting, MISC
minecraft:panda, CREATURE
minecraft:parrot, CREATURE
minecraft:phantom, MONSTER
minecraft:pig, CREATURE
minecraft:piglin, MONSTER
minecraft:piglin_brute, MONSTER
minecraft:pillager, MONSTER
minecraft:polar_bear, CREATURE
minecraft:potion, MISC
minecraft:pufferfish, WATER_AMBIENT
minecraft:rabbit, CREATURE
minecraft:ravager, MONSTER
minecraft:salmon, WATER_AMBIENT
minecraft:sheep, CREATURE
minecraft:shulker, MONSTER
minecraft:shulker_bullet, MISC
minecraft:silverfish, MONSTER
minecraft:skeleton, MONSTER
minecraft:skeleton_horse, CREATURE
minecraft:slime, MONSTER
minecraft:small_fireball, MISC
minecraft:sniffer, CREATURE
minecraft:snow_golem, MISC
minecraft:snowball, MISC
minecraft:spawner_minecart, MISC
minecraft:spectral_arrow, MISC
minecraft:spider, MONSTER
minecraft:squid, WATER_CREATURE
minecraft:stray, MONSTER
minecraft:strider, CREATURE
minecraft:tadpole, CREATURE
minecraft:text_display, MISC
minecraft:tnt, MISC
minecraft:tnt_minecart, MISC
minecraft:trader_llama, CREATURE
minecraft:trident, MISC
minecraft:tropical_fish, WATER_AMBIENT
minecraft:turtle, CREATURE
minecraft:vex, MONSTER
minecraft:villager, MISC
minecraft:vindicator, MONSTER
minecraft:wandering_trader, CREATURE
minecraft:warden, MONSTER
minecraft:witch, MONSTER
minecraft:wither, MONSTER
minecraft:wither_skeleton, MONSTER
minecraft:wither_skull, MISC
minecraft:wolf, CREATURE
minecraft:zoglin, MONSTER
minecraft:zombie, MONSTER
minecraft:zombie_horse, CREATURE
minecraft:zombie_villager, MONSTER
minecraft:zombified_piglin, MONSTER
gigeresque:alien, MONSTER
gigeresque:aquatic_alien, MONSTER
gigeresque:aquatic_chestburster, MONSTER
gigeresque:chestburster, MONSTER
gigeresque:egg, MONSTER
gigeresque:facehugger, MONSTER
gigeresque:runner_alien, MONSTER
gigeresque:runnerburster, MONSTER
gigeresque:popper, MONSTER
gigeresque:hammerpede, MONSTER
gigeresque:stalker, MONSTER
gigeresque:neoburster, MONSTER
gigeresque:neomorph_adolescent, MONSTER
gigeresque:neomorph, MONSTER
gigeresque:spitter, MONSTER
gigeresque:draconictemplebeast, MONSTER
gigeresque:ravenoustemplebeast, MONSTER
gigeresque:moonlighthorrortemplebeast, MONSTER
ae2:tiny_tnt_primed, MISC
rotted:marine, zombie
rotted:doctor, zombie
rotted:farmer, zombie
rotted:miner, zombie
rotted:adventurer, zombie
rotted:flusk, zombie
rotted:shielder, zombie
ad_astra:tier_5_rocket, MISC
ad_astra:tier_6_rocket, MISC
ad_astra:tier_7_rocket, MISC
ribbits:ribbit, CREATURE
hordes:zombie_player, MONSTER
hordes:husk_player, MONSTER
hordes:drowned_player, MONSTER
enhancedai:thrown_web, MISC
mekanism:flame, MISC
pneumaticcraft:drone, CREATURE
pneumaticcraft:logistics_drone, CREATURE
pneumaticcraft:harvesting_drone, CREATURE
pneumaticcraft:guard_drone, CREATURE
pneumaticcraft:collector_drone, CREATURE
pneumaticcraft:amadrone, CREATURE
pneumaticcraft:programmable_controller, CREATURE
pneumaticcraft:vortex, MISC
pneumaticcraft:micromissile, MISC
pneumaticcraft:tumbling_block, MISC
pneumaticcraft:ring, MISC
pneumaticcraft:crop_support, MISC
pneumaticcraft:spawner_agitator, MISC
pneumaticcraft:heat_frame, MISC
pneumaticcraft:transfer_gadget, MISC
pneumaticcraft:logistics_frame_active_provider, MISC
pneumaticcraft:logistics_frame_passive_provider, MISC
pneumaticcraft:logistics_frame_storage, MISC
pneumaticcraft:logistics_frame_default_storage, MISC
pneumaticcraft:logistics_frame_requester, MISC
mutantszombies:blister_zombie, MONSTER
mutantszombies:crawler, MONSTER
mutantszombies:spitter, MONSTER
mutantszombies:spitter_projectile, MISC
mutantszombies:zombie_brute, MONSTER
loot_bags_and_crates_1121:lt_1, MONSTER
loot_bags_and_crates_1121:gehennaslimeanimated, MONSTER
loot_bags_and_crates_1121:gehenna_wizzard, MONSTER
loot_bags_and_crates_1121:gehenna_zombie, MONSTER
loot_bags_and_crates_1121:witch_beast, MONSTER
loot_bags_and_crates_1121:echidna_witch_of_greed, MONSTER
loot_bags_and_crates_1121:ms_1, MONSTER
loot_bags_and_crates_1121:ms_2, MONSTER
loot_bags_and_crates_1121:ms_3, MONSTER
loot_bags_and_crates_1121:ms_4, MONSTER
loot_bags_and_crates_1121:lt_2, MONSTER
loot_bags_and_crates_1121:lt_3, MONSTER
loot_bags_and_crates_1121:lt_4, MONSTER
loot_bags_and_crates_1121:lt_5, MONSTER
loot_bags_and_crates_1121:lt_6, MONSTER
loot_bags_and_crates_1121:lt_7, MONSTER
loot_bags_and_crates_1121:lt_8, MONSTER
loot_bags_and_crates_1121:lt_9, MONSTER
loot_bags_and_crates_1121:lt_10, MONSTER
loot_bags_and_crates_1121:aw_1, MONSTER
loot_bags_and_crates_1121:aw_2, MONSTER
loot_bags_and_crates_1121:aw_3, MONSTER
loot_bags_and_crates_1121:aw_4, MONSTER
loot_bags_and_crates_1121:aw_5, MONSTER
loot_bags_and_crates_1121:aw_6, MONSTER
loot_bags_and_crates_1121:aw_7, MONSTER
loot_bags_and_crates_1121:aw_8, MONSTER
loot_bags_and_crates_1121:aw_9, MONSTER
loot_bags_and_crates_1121:aw_10, MONSTER
loot_bags_and_crates_1121:aw_11, MONSTER
loot_bags_and_crates_1121:aw_12, MONSTER
loot_bags_and_crates_1121:mb_1, MONSTER
loot_bags_and_crates_1121:mb_2, MONSTER
loot_bags_and_crates_1121:mb_3, MONSTER
loot_bags_and_crates_1121:mb_4, MONSTER
loot_bags_and_crates_1121:mb_5, MONSTER
loot_bags_and_crates_1121:mb_6, MONSTER
loot_bags_and_crates_1121:mb_7, MONSTER
loot_bags_and_crates_1121:mb_8, MONSTER
loot_bags_and_crates_1121:ms_5, MONSTER
loot_bags_and_crates_1121:lt_11, MONSTER
loot_bags_and_crates_1121:aw_13, MONSTER
loot_bags_and_crates_1121:sekki_blast, MONSTER
loot_bags_and_crates_1121:nothing, MONSTER
loot_bags_and_crates_1121:nothing_3, MONSTER
loot_bags_and_crates_1121:nothing_2, MONSTER
loot_bags_and_crates_1121:rftoolnothingness, MONSTER
loot_bags_and_crates_1121:createnothingness, MONSTER
loot_bags_and_crates_1121:mekanismnothingness, MONSTER
loot_bags_and_crates_1121:powahnothingness, MONSTER
loot_bags_and_crates_1121:industrialforgegoingnothingness, MONSTER
loot_bags_and_crates_1121:refinedstoragenothingness, MONSTER
loot_bags_and_crates_1121:appliedenergistics_2nothingness, MONSTER
loot_bags_and_crates_1121:immersiveengeneeringnothingness, MONSTER
loot_bags_and_crates_1121:thermalseriesnothingness, MONSTER
loot_bags_and_crates_1121:undeadnothingness, MONSTER
loot_bags_and_crates_1121:athropodnothingness, MONSTER
loot_bags_and_crates_1121:achievementnothingness, MONSTER
loot_bags_and_crates_1121:greg_tech_nothingness, MONSTER
loot_bags_and_crates_1121:pneumatic_nothingness, MONSTER
loot_bags_and_crates_1121:mobgrindingnothingness, MONSTER
loot_bags_and_crates_1121:ender_io_nothingness, MONSTER
loot_bags_and_crates_1121:projectile_gehennacharge, MISC
loot_bags_and_crates_1121:projectile_wizardburstprojectile, MISC
loot_bags_and_crates_1121:gate_of_babylon, MONSTER
ad_astra:tier_1_rover, MISC
ad_astra:tier_1_rocket, MISC
ad_astra:tier_2_rocket, MISC
ad_astra:tier_3_rocket, MISC
ad_astra:tier_4_rocket, MISC
ad_astra:lander, MISC
ad_astra:lunarian, CREATURE
ad_astra:corrupted_lunarian, MONSTER
ad_astra:star_crawler, MONSTER
ad_astra:martian_raptor, MONSTER
ad_astra:pygro, MONSTER
ad_astra:zombified_pygro, MONSTER
ad_astra:pygro_brute, MONSTER
ad_astra:mogler, MONSTER
ad_astra:zombified_mogler, MONSTER
ad_astra:lunarian_wandering_trader, CREATURE
ad_astra:sulfur_creeper, MONSTER
ad_astra:glacian_ram, CREATURE
ad_astra:ice_spit, MISC
alexsmobs:grizzly_bear, CREATURE
alexsmobs:roadrunner, CREATURE
alexsmobs:bone_serpent, MONSTER
alexsmobs:bone_serpent_part, MONSTER
alexsmobs:gazelle, CREATURE
alexsmobs:crocodile, CREATURE
alexsmobs:fly, AMBIENT
alexsmobs:hummingbird, CREATURE
alexsmobs:orca, WATER_CREATURE
alexsmobs:sunbird, CREATURE
alexsmobs:gorilla, CREATURE
alexsmobs:crimson_mosquito, MONSTER
alexsmobs:mosquito_spit, MISC
alexsmobs:rattlesnake, CREATURE
alexsmobs:endergrade, CREATURE
alexsmobs:hammerhead_shark, WATER_CREATURE
alexsmobs:shark_tooth_arrow, MISC
alexsmobs:lobster, WATER_AMBIENT
alexsmobs:komodo_dragon, CREATURE
alexsmobs:capuchin_monkey, CREATURE
alexsmobs:tossed_item, MISC
alexsmobs:centipede_head, MONSTER
alexsmobs:centipede_body, MISC
alexsmobs:centipede_tail, MISC
alexsmobs:warped_toad, CREATURE
alexsmobs:moose, CREATURE
alexsmobs:mimicube, MONSTER
alexsmobs:raccoon, CREATURE
alexsmobs:blobfish, WATER_AMBIENT
alexsmobs:seal, CREATURE
alexsmobs:cockroach, AMBIENT
alexsmobs:cockroach_egg, MISC
alexsmobs:shoebill, CREATURE
alexsmobs:elephant, CREATURE
alexsmobs:soul_vulture, MONSTER
alexsmobs:snow_leopard, CREATURE
alexsmobs:spectre, CREATURE
alexsmobs:crow, CREATURE
alexsmobs:alligator_snapping_turtle, CREATURE
alexsmobs:mungus, CREATURE
alexsmobs:mantis_shrimp, WATER_CREATURE
alexsmobs:guster, MONSTER
alexsmobs:sand_shot, MISC
alexsmobs:gust, MISC
alexsmobs:warped_mosco, MONSTER
alexsmobs:hemolymph, MISC
alexsmobs:straddler, MONSTER
alexsmobs:stradpole, WATER_AMBIENT
alexsmobs:straddleboard, MISC
alexsmobs:emu, CREATURE
alexsmobs:emu_egg, MISC
alexsmobs:platypus, CREATURE
alexsmobs:dropbear, MONSTER
alexsmobs:tasmanian_devil, CREATURE
alexsmobs:kangaroo, CREATURE
alexsmobs:cachalot_whale, WATER_CREATURE
alexsmobs:cachalot_echo, MISC
alexsmobs:leafcutter_ant, CREATURE
alexsmobs:enderiophage, CREATURE
alexsmobs:enderiophage_rocket, MISC
alexsmobs:bald_eagle, CREATURE
alexsmobs:tiger, CREATURE
alexsmobs:tarantula_hawk, CREATURE
alexsmobs:void_worm, MONSTER
alexsmobs:void_worm_part, MONSTER
alexsmobs:void_worm_shot, MISC
alexsmobs:void_portal, MISC
alexsmobs:frilled_shark, WATER_CREATURE
alexsmobs:mimic_octopus, WATER_CREATURE
alexsmobs:seagull, CREATURE
alexsmobs:froststalker, CREATURE
alexsmobs:ice_shard, MISC
alexsmobs:tusklin, CREATURE
alexsmobs:laviathan, CREATURE
alexsmobs:cosmaw, CREATURE
alexsmobs:toucan, CREATURE
alexsmobs:maned_wolf, CREATURE
alexsmobs:anaconda, CREATURE
alexsmobs:anaconda_part, MISC
alexsmobs:vine_lasso, MISC
alexsmobs:anteater, CREATURE
alexsmobs:rocky_roller, MONSTER
alexsmobs:flutter, AMBIENT
alexsmobs:pollen_ball, MISC
alexsmobs:gelada_monkey, CREATURE
alexsmobs:jerboa, AMBIENT
alexsmobs:terrapin, WATER_AMBIENT
alexsmobs:comb_jelly, WATER_AMBIENT
alexsmobs:cosmic_cod, AMBIENT
alexsmobs:bunfungus, CREATURE
alexsmobs:bison, CREATURE
alexsmobs:giant_squid, WATER_CREATURE
alexsmobs:squid_grapple, MISC
alexsmobs:sea_bear, WATER_CREATURE
alexsmobs:devils_hole_pupfish, WATER_AMBIENT
alexsmobs:catfish, WATER_AMBIENT
alexsmobs:flying_fish, WATER_AMBIENT
alexsmobs:skelewag, MONSTER
alexsmobs:rain_frog, AMBIENT
alexsmobs:potoo, CREATURE
alexsmobs:mudskipper, CREATURE
alexsmobs:mud_ball, MISC
alexsmobs:rhinoceros, CREATURE
alexsmobs:sugar_glider, CREATURE
alexsmobs:farseer, MONSTER
alexsmobs:skreecher, CREATURE
alexsmobs:underminer, AMBIENT
alexsmobs:murmur, MONSTER
alexsmobs:murmur_head, MONSTER
alexsmobs:tendon_segment, MISC
alexsmobs:skunk, CREATURE
alexsmobs:fart, MISC
alexsmobs:banana_slug, CREATURE
alexsmobs:blue_jay, CREATURE
alexsmobs:caiman, CREATURE
alexsmobs:triops, WATER_AMBIENT
zombieawareness:scent, MISC
railways:benchcart, MISC
railways:jukeboxcart, MISC
railways:conductor, CREATURE
interiors:big_seat, MISC
farmersdelight:rotten_tomato, MISC
cc_androids:android, MISC
cc_androids:advanced_android, MISC
cc_androids:command_android, MISC
cc_androids:unfinished_android, MISC
cc_androids:rogue_android, MONSTER
refurbished_furniture:seat, MISC
tacz:target_minecart, MISC
create:contraption, MISC
create:stationary_contraption, MISC
create:gantry_contraption, MISC
create:carriage_contraption, MISC
create:super_glue, MISC
create:crafting_blueprint, MISC
create:potato_projectile, MISC
create:seat, MISC
create:package, MISC
supplementaries:pearl_marker, MISC
supplementaries:dispenser_minecart, MISC
supplementaries:hat_stand, MISC
supplementaries:red_merchant, CREATURE
supplementaries:falling_urn, MISC
supplementaries:falling_ash, MISC
supplementaries:falling_sack, MISC
supplementaries:brick_projectile, MISC
supplementaries:slimeball_projectile, MISC
supplementaries:bomb, MISC
supplementaries:cannonball, MISC
supplementaries:rope_arrow, MISC
supplementaries:slingshot_projectile, MISC
amendments:medium_dragon_fireball, MISC
amendments:medium_fireball, MISC
amendments:ring_effect_cloud, MISC
amendments:falling_lantern, MISC
minecolonies:citizen, CREATURE
minecolonies:fishhook, MISC
minecolonies:visitor, CREATURE
minecolonies:mercenary, CREATURE
minecolonies:barbarian, MONSTER
minecolonies:archerbarbarian, MONSTER
minecolonies:chiefbarbarian, MONSTER
minecolonies:pirate, MONSTER
minecolonies:archerpirate, MONSTER
minecolonies:chiefpirate, MONSTER
minecolonies:sittingentity, MISC
minecolonies:mcminecart, MISC
minecolonies:mummy, MONSTER
minecolonies:archermummy, MONSTER
minecolonies:pharao, MONSTER
minecolonies:amazon, MONSTER
minecolonies:amazonspearman, MONSTER
minecolonies:amazonchief, MONSTER
minecolonies:firearrow, MISC
minecolonies:mcnormalarrow, MISC
minecolonies:druidpotion, MISC
minecolonies:shieldmaiden, MONSTER
minecolonies:norsemenarcher, MONSTER
minecolonies:norsemenchief, MONSTER
minecolonies:spear, MISC
minecolonies:drownedpirate, MONSTER
minecolonies:drownedarcherpirate, MONSTER
minecolonies:drownedchiefpirate, MONSTER
minecolonies:campbarbarian, MONSTER
minecolonies:camparcherbarbarian, MONSTER
minecolonies:campchiefbarbarian, MONSTER
minecolonies:camppirate, MONSTER
minecolonies:camparcherpirate, MONSTER
minecolonies:campchiefpirate, MONSTER
minecolonies:campamazon, MONSTER
minecolonies:campamazonspearman, MONSTER
minecolonies:campamazonchief, MONSTER
minecolonies:campmummy, MONSTER
minecolonies:camparchermummy, MONSTER
minecolonies:camppharao, MONSTER
minecolonies:campshieldmaiden, MONSTER
minecolonies:campnorsemenarcher, MONSTER
minecolonies:campnorsemenchief, MONSTER
minecolonies:campdrownedpirate, MONSTER
minecolonies:campdrownedarcherpirate, MONSTER
minecolonies:campdrownedchiefpirate, MONSTER
creeperoverhaul:jungle_creeper, MONSTER
creeperoverhaul:bamboo_creeper, MONSTER
creeperoverhaul:desert_creeper, MONSTER
creeperoverhaul:badlands_creeper, MONSTER
creeperoverhaul:hills_creeper, MONSTER
creeperoverhaul:savannah_creeper, MONSTER
creeperoverhaul:mushroom_creeper, CREATURE
creeperoverhaul:swamp_creeper, MONSTER
creeperoverhaul:dripstone_creeper, MONSTER
creeperoverhaul:cave_creeper, MONSTER
creeperoverhaul:dark_oak_creeper, MONSTER
creeperoverhaul:spruce_creeper, MONSTER
creeperoverhaul:beach_creeper, MONSTER
creeperoverhaul:snowy_creeper, MONSTER
creeperoverhaul:ocean_creeper, MONSTER
create_enchantment_industry:hyper_experience_orb, MISC
create_enchantment_industry:hyper_experience_bottle, MISC
