* This is the StructMobWeight report file that is output every time the server starts.
* 
* Spawn Balance Utility (SBU) will use this file ONLY if it is renamed to StructMobWeight.csv.
* Lines starting with '*' are comments and ignored
* It allows you to add and remove mobs and adjust their spawnweights for Structures
* like shipwrecks, nether fortresses, water monuments, etc.
* 
1, watchtower_building:abandoned_tower, HEADING, header:ignore, 0, 0, 0
2, random_abandonned_structure:abandonned_church, HEADING, header:ignore, 0, 0, 0
3, tjibbe1_tech_structures:amathyst_reactor, HEADING, header:ignore, 0, 0, 0
4, minecolonies:amazon_camp, HEADING, header:ignore, 0, 0, 0
5, minecraft:ancient_city, HEADING, header:ignore, 0, 0, 0
6, tjibbe1_tech_structures:andesite_tower, HEADING, header:ignore, 0, 0, 0
7, minecolonies:asian_colony, HEADING, header:ignore, 0, 0, 0
8, minecolonies:asian_colony, CREATURE, minecraft:cat, 80, 1, 2
9, minecolonies:barbarian_camp, HEADING, header:ignore, 0, 0, 0
10, minecraft:bastion_remnant, HEADING, header:ignore, 0, 0, 0
11, tjibbe1_tech_structures:big_crane, HEADING, header:ignore, 0, 0, 0
12, tjibbe1_tech_structures:bigmechanicalmushroom, HEADING, header:ignore, 0, 0, 0
13, minecraft:buried_treasure, HEADING, header:ignore, 0, 0, 0
14, minecolonies:caledonia_colony, HEADING, header:ignore, 0, 0, 0
15, minecolonies:caledonia_colony, CREATURE, minecraft:cat, 80, 1, 2
16, planetsplus:callisto/callisto_grainy_battle_temple, HEADING, header:ignore, 0, 0, 0
17, planetsplus:callisto/callisto_small_corrupted_lunarian_tower, HEADING, header:ignore, 0, 0, 0
18, planetsplus:charon/charon_redden_tower, HEADING, header:ignore, 0, 0, 0
19, minecolonies:colonial_colony, HEADING, header:ignore, 0, 0, 0
20, minecolonies:colonial_colony, CREATURE, minecraft:cat, 80, 1, 2
21, tjibbe1_tech_structures:copper_tower, HEADING, header:ignore, 0, 0, 0
22, createamazingdungeons:crushed_lost_factory, HEADING, header:ignore, 0, 0, 0
23, planetsplus:cryo_volcano, HEADING, header:ignore, 0, 0, 0
24, createamazingdungeons:dark_factory, HEADING, header:ignore, 0, 0, 0
25, createamazingdungeons:dark_factory_crush, HEADING, header:ignore, 0, 0, 0
26, createamazingdungeons:dark_factory_crush_half, HEADING, header:ignore, 0, 0, 0
27, createamazingdungeons:dark_factory_lost, HEADING, header:ignore, 0, 0, 0
28, createamazingdungeons:dark_factory_lost_crush, HEADING, header:ignore, 0, 0, 0
29, createamazingdungeons:depot, HEADING, header:ignore, 0, 0, 0
30, createamazingdungeons:depot_train, HEADING, header:ignore, 0, 0, 0
31, createamazingdungeons:depot_train_crush, HEADING, header:ignore, 0, 0, 0
32, createamazingdungeons:depot_without_cart, HEADING, header:ignore, 0, 0, 0
33, createamazingdungeons:depot_without_train, HEADING, header:ignore, 0, 0, 0
34, minecolonies:desert_camp, HEADING, header:ignore, 0, 0, 0
35, tjibbe1_tech_structures:desert_cart, HEADING, header:ignore, 0, 0, 0
36, tjibbe1_tech_structures:desert_casing, HEADING, header:ignore, 0, 0, 0
37, tjibbe1_tech_structures:desert_cog, HEADING, header:ignore, 0, 0, 0
38, tjibbe1_tech_structures:desert_container, HEADING, header:ignore, 0, 0, 0
39, tjibbe1_tech_structures:desert_energycell, HEADING, header:ignore, 0, 0, 0
40, tjibbe1_tech_structures:desert_garbage, HEADING, header:ignore, 0, 0, 0
41, terralith:desert_outpost, HEADING, header:ignore, 0, 0, 0
42, terralith:desert_outpost, MONSTER, minecraft:pillager, 10, 1, 1
43, tjibbe1_tech_structures:desert_pneumatic, HEADING, header:ignore, 0, 0, 0
44, minecraft:desert_pyramid, HEADING, header:ignore, 0, 0, 0
45, minecolonies:desertoasis_colony, HEADING, header:ignore, 0, 0, 0
46, minecolonies:desertoasis_colony, CREATURE, minecraft:cat, 80, 1, 2
47, tjibbe1_tech_structures:desertorehill, HEADING, header:ignore, 0, 0, 0
48, tjibbe1_tech_structures:destroyer, HEADING, header:ignore, 0, 0, 0
49, planetsplus:diater/diater_dungeon_tower, HEADING, header:ignore, 0, 0, 0
50, planetsplus:dread/dread_crashed_rocket, HEADING, header:ignore, 0, 0, 0
51, planetsplus:dread/dread_sulfur_dungon_tower, HEADING, header:ignore, 0, 0, 0
52, planetsplus:dune/dune_dungeon, HEADING, header:ignore, 0, 0, 0
53, minecraft:end_city, HEADING, header:ignore, 0, 0, 0
54, minecraft:end_city, MONSTER, alexsmobs:mimicube, 40, 1, 3
55, loot_bags_and_crates_1121:end_expiriment, HEADING, header:ignore, 0, 0, 0
56, tjibbe1_tech_structures:end_generator, HEADING, header:ignore, 0, 0, 0
57, tjibbe1_tech_structures:end_loot, HEADING, header:ignore, 0, 0, 0
58, tjibbe1_tech_structures:end_speeder, HEADING, header:ignore, 0, 0, 0
59, createamazingdungeons:factory_andesite, HEADING, header:ignore, 0, 0, 0
60, createamazingdungeons:factory_andesite_crash, HEADING, header:ignore, 0, 0, 0
61, createamazingdungeons:factory_andesite_crush_half, HEADING, header:ignore, 0, 0, 0
62, createamazingdungeons:factory_gold, HEADING, header:ignore, 0, 0, 0
63, createamazingdungeons:factory_gold_crush, HEADING, header:ignore, 0, 0, 0
64, createamazingdungeons:factory_gold_half, HEADING, header:ignore, 0, 0, 0
65, createamazingdungeons:factory_gold_mills, HEADING, header:ignore, 0, 0, 0
66, createamazingdungeons:factory_gold_without_mills, HEADING, header:ignore, 0, 0, 0
67, createamazingdungeons:factory_iron, HEADING, header:ignore, 0, 0, 0
68, createamazingdungeons:factory_iron_crushed, HEADING, header:ignore, 0, 0, 0
69, createamazingdungeons:factory_iron_lost, HEADING, header:ignore, 0, 0, 0
70, createamazingdungeons:factory_steam, HEADING, header:ignore, 0, 0, 0
71, createamazingdungeons:factory_steam_destroy, HEADING, header:ignore, 0, 0, 0
72, createamazingdungeons:factory_steam_steam, HEADING, header:ignore, 0, 0, 0
73, planetsplus:fierer/fierer_dungeon_tower, HEADING, header:ignore, 0, 0, 0
74, random_abandonned_structure:fisher_man_stand, HEADING, header:ignore, 0, 0, 0
75, planetsplus:flade/flade_dungeon, HEADING, header:ignore, 0, 0, 0
76, terralith:fortified_desert_village, HEADING, header:ignore, 0, 0, 0
77, terralith:fortified_village, HEADING, header:ignore, 0, 0, 0
78, minecraft:fortress, HEADING, header:ignore, 0, 0, 0
79, minecraft:fortress, MONSTER, minecraft:blaze, 10, 2, 3
80, minecraft:fortress, MONSTER, minecraft:zombified_piglin, 10, 4, 4
81, minecraft:fortress, MONSTER, minecraft:wither_skeleton, 10, 5, 5
82, minecraft:fortress, MONSTER, minecraft:skeleton, 10, 5, 5
83, minecraft:fortress, MONSTER, minecraft:magma_cube, 10, 4, 4
84, planetsplus:galia/galia_destroyed_village, HEADING, header:ignore, 0, 0, 0
85, planetsplus:galia/galia_dungeon, HEADING, header:ignore, 0, 0, 0
86, planetsplus:galia/galia_mineshaft, HEADING, header:ignore, 0, 0, 0
87, planetsplus:galia/galia_temple, HEADING, header:ignore, 0, 0, 0
88, terralith:glacial_hut, HEADING, header:ignore, 0, 0, 0
89, perspatium:glacian_peak, HEADING, header:ignore, 0, 0, 0
90, random_abandonned_structure:house_a, HEADING, header:ignore, 0, 0, 0
91, random_abandonned_structure:house_b, HEADING, header:ignore, 0, 0, 0
92, random_abandonned_structure:house_c, HEADING, header:ignore, 0, 0, 0
93, random_abandonned_structure:house_d, HEADING, header:ignore, 0, 0, 0
94, hunter_villager_trader:hunter_villager_house, HEADING, header:ignore, 0, 0, 0
95, planetsplus:ice_clump, HEADING, header:ignore, 0, 0, 0
96, minecraft:igloo, HEADING, header:ignore, 0, 0, 0
97, terralith:igloo, HEADING, header:ignore, 0, 0, 0
98, minecolonies:incan_colony, HEADING, header:ignore, 0, 0, 0
99, minecolonies:incan_colony, CREATURE, minecraft:cat, 80, 1, 2
100, planetsplus:io/io_deltas_tower, HEADING, header:ignore, 0, 0, 0
101, u_sea:island/cold/glacier, HEADING, header:ignore, 0, 0, 0
102, u_sea:island/warm/hill, HEADING, header:ignore, 0, 0, 0
103, u_sea:island/warm/tower, HEADING, header:ignore, 0, 0, 0
104, planetsplus:jada/jada_dungeon, HEADING, header:ignore, 0, 0, 0
105, planetsplus:jada/jada_dungeon_tower, HEADING, header:ignore, 0, 0, 0
106, planetsplus:jada/jada_dungeon_tower_nonsnowy, HEADING, header:ignore, 0, 0, 0
107, planetsplus:jada/jada_rocky_ice_clump, HEADING, header:ignore, 0, 0, 0
108, minecraft:jungle_pyramid, HEADING, header:ignore, 0, 0, 0
109, tjibbe1_tech_structures:light_poste, HEADING, header:ignore, 0, 0, 0
110, u_sea:lighthouse, HEADING, header:ignore, 0, 0, 0
111, createamazingdungeons:lost_factory, HEADING, header:ignore, 0, 0, 0
112, createamazingdungeons:lost_factory_andesite, HEADING, header:ignore, 0, 0, 0
113, createamazingdungeons:lost_factory_andesite_crush, HEADING, header:ignore, 0, 0, 0
114, minecolonies:lostmesacity_colony, HEADING, header:ignore, 0, 0, 0
115, minecolonies:lostmesacity_colony, CREATURE, minecraft:cat, 80, 1, 2
116, ad_astra:lunar_tower, HEADING, header:ignore, 0, 0, 0
117, ad_astra:lunarian_village, HEADING, header:ignore, 0, 0, 0
118, terralith:mage_complex, HEADING, header:ignore, 0, 0, 0
119, terralith:mage_tower, HEADING, header:ignore, 0, 0, 0
120, terralith:mage_tower_autumn, HEADING, header:ignore, 0, 0, 0
121, terralith:mage_tower_spring, HEADING, header:ignore, 0, 0, 0
122, terralith:mage_tower_summer, HEADING, header:ignore, 0, 0, 0
123, terralith:mage_tower_winter, HEADING, header:ignore, 0, 0, 0
124, minecraft:mansion, HEADING, header:ignore, 0, 0, 0
125, ad_astra:mars_temple, HEADING, header:ignore, 0, 0, 0
126, tjibbe1_tech_structures:mechanical_farm, HEADING, header:ignore, 0, 0, 0
127, minecolonies:medieval_birch_colony, HEADING, header:ignore, 0, 0, 0
128, minecolonies:medieval_birch_colony, CREATURE, minecraft:cat, 80, 1, 2
129, minecolonies:medieval_dark_oak_colony, HEADING, header:ignore, 0, 0, 0
130, minecolonies:medieval_dark_oak_colony, CREATURE, minecraft:cat, 80, 1, 2
131, minecolonies:medieval_oak_colony, HEADING, header:ignore, 0, 0, 0
132, minecolonies:medieval_oak_colony, CREATURE, minecraft:cat, 80, 1, 2
133, minecolonies:medieval_spruce_colony, HEADING, header:ignore, 0, 0, 0
134, minecolonies:medieval_spruce_colony, CREATURE, minecraft:cat, 80, 1, 2
135, perspatium:mercury_fortress, HEADING, header:ignore, 0, 0, 0
136, tjibbe1_tech_structures:messa_cart, HEADING, header:ignore, 0, 0, 0
137, tjibbe1_tech_structures:messa_casing, HEADING, header:ignore, 0, 0, 0
138, tjibbe1_tech_structures:messa_cog, HEADING, header:ignore, 0, 0, 0
139, tjibbe1_tech_structures:messa_container, HEADING, header:ignore, 0, 0, 0
140, tjibbe1_tech_structures:messa_energycell, HEADING, header:ignore, 0, 0, 0
141, tjibbe1_tech_structures:messa_garbage, HEADING, header:ignore, 0, 0, 0
142, tjibbe1_tech_structures:messa_pneumatic, HEADING, header:ignore, 0, 0, 0
143, tjibbe1_tech_structures:messaorehill, HEADING, header:ignore, 0, 0, 0
144, planetsplus:meteor, HEADING, header:ignore, 0, 0, 0
145, ae2:meteorite, HEADING, header:ignore, 0, 0, 0
146, tjibbe1_tech_structures:mine_cart, HEADING, header:ignore, 0, 0, 0
147, minecraft:mineshaft, HEADING, header:ignore, 0, 0, 0
148, minecraft:mineshaft, AMBIENT, alexsmobs:underminer, 50, 1, 1
149, bettermineshafts:mineshaft_acacia, HEADING, header:ignore, 0, 0, 0
150, bettermineshafts:mineshaft_acacia, AMBIENT, alexsmobs:underminer, 50, 1, 1
151, bettermineshafts:mineshaft_desert, HEADING, header:ignore, 0, 0, 0
152, bettermineshafts:mineshaft_desert, AMBIENT, alexsmobs:underminer, 50, 1, 1
153, bettermineshafts:mineshaft_dripstone, HEADING, header:ignore, 0, 0, 0
154, bettermineshafts:mineshaft_dripstone, AMBIENT, alexsmobs:underminer, 50, 1, 1
155, bettermineshafts:mineshaft_ice, HEADING, header:ignore, 0, 0, 0
156, bettermineshafts:mineshaft_ice, AMBIENT, alexsmobs:underminer, 50, 1, 1
157, bettermineshafts:mineshaft_jungle, HEADING, header:ignore, 0, 0, 0
158, bettermineshafts:mineshaft_jungle, AMBIENT, alexsmobs:underminer, 50, 1, 1
159, bettermineshafts:mineshaft_lush, HEADING, header:ignore, 0, 0, 0
160, bettermineshafts:mineshaft_lush, AMBIENT, alexsmobs:underminer, 50, 1, 1
161, bettermineshafts:mineshaft_mesa, HEADING, header:ignore, 0, 0, 0
162, bettermineshafts:mineshaft_mesa, AMBIENT, alexsmobs:underminer, 50, 1, 1
163, minecraft:mineshaft_mesa, HEADING, header:ignore, 0, 0, 0
164, minecraft:mineshaft_mesa, AMBIENT, alexsmobs:underminer, 50, 1, 1
165, bettermineshafts:mineshaft_mushroom, HEADING, header:ignore, 0, 0, 0
166, bettermineshafts:mineshaft_mushroom, AMBIENT, alexsmobs:underminer, 50, 1, 1
167, bettermineshafts:mineshaft_oak, HEADING, header:ignore, 0, 0, 0
168, bettermineshafts:mineshaft_oak, AMBIENT, alexsmobs:underminer, 50, 1, 1
169, bettermineshafts:mineshaft_overgrown, HEADING, header:ignore, 0, 0, 0
170, bettermineshafts:mineshaft_overgrown, AMBIENT, alexsmobs:underminer, 50, 1, 1
171, bettermineshafts:mineshaft_red_desert, HEADING, header:ignore, 0, 0, 0
172, bettermineshafts:mineshaft_red_desert, AMBIENT, alexsmobs:underminer, 50, 1, 1
173, bettermineshafts:mineshaft_spruce, HEADING, header:ignore, 0, 0, 0
174, bettermineshafts:mineshaft_spruce, AMBIENT, alexsmobs:underminer, 50, 1, 1
175, bettermineshafts:mineshaft_spruce_snowy, HEADING, header:ignore, 0, 0, 0
176, bettermineshafts:mineshaft_spruce_snowy, AMBIENT, alexsmobs:underminer, 50, 1, 1
177, minecraft:monument, HEADING, header:ignore, 0, 0, 0
178, minecraft:monument, MONSTER, minecraft:guardian, 10, 2, 4
179, perspatium:moon_crawler_room, HEADING, header:ignore, 0, 0, 0
180, ad_astra:moon_dungeon, HEADING, header:ignore, 0, 0, 0
181, perspatium:moon_grave, HEADING, header:ignore, 0, 0, 0
182, minecraft:nether_fossil, HEADING, header:ignore, 0, 0, 0
183, minecraft:nether_fossil, MONSTER, alexsmobs:soul_vulture, 30, 1, 1
184, minecraft:ocean_ruin_cold, HEADING, header:ignore, 0, 0, 0
185, minecraft:ocean_ruin_warm, HEADING, header:ignore, 0, 0, 0
186, ad_astra:oil_well, HEADING, header:ignore, 0, 0, 0
187, random_abandonned_structure:old_mansion_a, HEADING, header:ignore, 0, 0, 0
188, tjibbe1_tech_structures:overwrown_container, HEADING, header:ignore, 0, 0, 0
189, tjibbe1_tech_structures:parcour_towers, HEADING, header:ignore, 0, 0, 0
190, minecraft:pillager_outpost, HEADING, header:ignore, 0, 0, 0
191, minecraft:pillager_outpost, MONSTER, minecraft:pillager, 10, 1, 1
192, tjibbe1_tech_structures:plains_cart, HEADING, header:ignore, 0, 0, 0
193, tjibbe1_tech_structures:plains_casing, HEADING, header:ignore, 0, 0, 0
194, tjibbe1_tech_structures:plains_cog, HEADING, header:ignore, 0, 0, 0
195, tjibbe1_tech_structures:plains_container, HEADING, header:ignore, 0, 0, 0
196, tjibbe1_tech_structures:plains_energycell, HEADING, header:ignore, 0, 0, 0
197, tjibbe1_tech_structures:plains_garbage, HEADING, header:ignore, 0, 0, 0
198, tjibbe1_tech_structures:plains_pneumatic, HEADING, header:ignore, 0, 0, 0
199, tjibbe1_tech_structures:plainsorehill, HEADING, header:ignore, 0, 0, 0
200, planetsplus:pluto/pluto_redden_tower, HEADING, header:ignore, 0, 0, 0
201, ad_astra:pygro_tower, HEADING, header:ignore, 0, 0, 0
202, ad_astra:pygro_village, HEADING, header:ignore, 0, 0, 0
203, perspatium:radio_tower, HEADING, header:ignore, 0, 0, 0
204, u_sea:raft/cold/cone_tide_breaker, HEADING, header:ignore, 0, 0, 0
205, u_sea:raft/cold/tide_breaker, HEADING, header:ignore, 0, 0, 0
206, u_sea:raft/cold/wide_tide_breaker, HEADING, header:ignore, 0, 0, 0
207, u_sea:raft/temperate/beam, HEADING, header:ignore, 0, 0, 0
208, u_sea:raft/temperate/box, HEADING, header:ignore, 0, 0, 0
209, u_sea:raft/temperate/grid, HEADING, header:ignore, 0, 0, 0
210, u_sea:raft/warm/cone_skipper, HEADING, header:ignore, 0, 0, 0
211, u_sea:raft/warm/skipper, HEADING, header:ignore, 0, 0, 0
212, tjibbe1_tech_structures:redskull, HEADING, header:ignore, 0, 0, 0
213, watchtower_building:regular_tower, HEADING, header:ignore, 0, 0, 0
214, tjibbe1_tech_structures:reservoirs, HEADING, header:ignore, 0, 0, 0
215, terralith:rubble_desert, HEADING, header:ignore, 0, 0, 0
216, terralith:rubble_forest, HEADING, header:ignore, 0, 0, 0
217, terralith:rubble_jungle, HEADING, header:ignore, 0, 0, 0
218, terralith:rubble_mesa, HEADING, header:ignore, 0, 0, 0
219, terralith:rubble_mountain, HEADING, header:ignore, 0, 0, 0
220, terralith:rubble_taiga, HEADING, header:ignore, 0, 0, 0
221, minecraft:ruined_portal, HEADING, header:ignore, 0, 0, 0
222, minecraft:ruined_portal_desert, HEADING, header:ignore, 0, 0, 0
223, minecraft:ruined_portal_jungle, HEADING, header:ignore, 0, 0, 0
224, minecraft:ruined_portal_mountain, HEADING, header:ignore, 0, 0, 0
225, minecraft:ruined_portal_nether, HEADING, header:ignore, 0, 0, 0
226, minecraft:ruined_portal_ocean, HEADING, header:ignore, 0, 0, 0
227, minecraft:ruined_portal_swamp, HEADING, header:ignore, 0, 0, 0
228, perspatium:ruined_space_center, HEADING, header:ignore, 0, 0, 0
229, random_abandonned_structure:savana_tower_a, HEADING, header:ignore, 0, 0, 0
230, random_abandonned_structure:sheep_fold_a, HEADING, header:ignore, 0, 0, 0
231, minecolonies:ship, HEADING, header:ignore, 0, 0, 0
232, u_sea:ship/cove, HEADING, header:ignore, 0, 0, 0
233, u_sea:ship/hopper, HEADING, header:ignore, 0, 0, 0
234, minecraft:shipwreck, HEADING, header:ignore, 0, 0, 0
235, minecraft:shipwreck, MONSTER, alexsmobs:skelewag, 15, 1, 2
236, minecraft:shipwreck_beached, HEADING, header:ignore, 0, 0, 0
237, minecolonies:shire_colony, HEADING, header:ignore, 0, 0, 0
238, minecolonies:shire_colony, CREATURE, minecraft:cat, 80, 1, 2
239, tjibbe1_tech_structures:small_cozy_house, HEADING, header:ignore, 0, 0, 0
240, tjibbe1_tech_structures:small_hill_house, HEADING, header:ignore, 0, 0, 0
241, tjibbe1_tech_structures:small_mine_site, HEADING, header:ignore, 0, 0, 0
242, tjibbe1_tech_structures:snow_bunker, HEADING, header:ignore, 0, 0, 0
243, tjibbe1_tech_structures:snow_cart, HEADING, header:ignore, 0, 0, 0
244, tjibbe1_tech_structures:snow_casing, HEADING, header:ignore, 0, 0, 0
245, tjibbe1_tech_structures:snow_cog, HEADING, header:ignore, 0, 0, 0
246, tjibbe1_tech_structures:snow_container, HEADING, header:ignore, 0, 0, 0
247, tjibbe1_tech_structures:snow_energycell, HEADING, header:ignore, 0, 0, 0
248, tjibbe1_tech_structures:snow_garbage, HEADING, header:ignore, 0, 0, 0
249, tjibbe1_tech_structures:snow_pneumatic, HEADING, header:ignore, 0, 0, 0
250, tjibbe1_tech_structures:snoworehill, HEADING, header:ignore, 0, 0, 0
251, terralith:spire, HEADING, header:ignore, 0, 0, 0
252, perspatium:stone_fortress, HEADING, header:ignore, 0, 0, 0
253, minecraft:stronghold, HEADING, header:ignore, 0, 0, 0
254, minecraft:swamp_hut, HEADING, header:ignore, 0, 0, 0
255, minecraft:swamp_hut, MONSTER, minecraft:witch, 10, 1, 1
256, minecraft:swamp_hut, CREATURE, minecraft:cat, 10, 1, 1
257, tjibbe1_tech_structures:tankcamp, HEADING, header:ignore, 0, 0, 0
258, the_pit:thepit, HEADING, header:ignore, 0, 0, 0
259, planetsplus:titan/titan_rock_outpost, HEADING, header:ignore, 0, 0, 0
260, planetsplus:titan/titan_village_tower, HEADING, header:ignore, 0, 0, 0
261, random_abandonned_structure:tower_pillagers, HEADING, header:ignore, 0, 0, 0
262, minecraft:trail_ruins, HEADING, header:ignore, 0, 0, 0
263, tjibbe1_tech_structures:trainstation, HEADING, header:ignore, 0, 0, 0
264, tjibbe1_tech_structures:tripple_generators, HEADING, header:ignore, 0, 0, 0
265, terralith:underground/frosted_dungeon, HEADING, header:ignore, 0, 0, 0
266, terralith:underground/giant_bee_hive, HEADING, header:ignore, 0, 0, 0
267, terralith:underground/mining_outpost, HEADING, header:ignore, 0, 0, 0
268, terralith:underground/oak_cabin, HEADING, header:ignore, 0, 0, 0
269, terralith:underground/old_refinery, HEADING, header:ignore, 0, 0, 0
270, terralith:underground/sunken_tower, HEADING, header:ignore, 0, 0, 0
271, terralith:underground/witch_hut, HEADING, header:ignore, 0, 0, 0
272, underground_bunkers:underground_bunker, HEADING, header:ignore, 0, 0, 0
273, terralith:underground_cabin, HEADING, header:ignore, 0, 0, 0
274, terralith:valley_lodge, HEADING, header:ignore, 0, 0, 0
275, perspatium:venera, HEADING, header:ignore, 0, 0, 0
276, ad_astra:venus_bullet, HEADING, header:ignore, 0, 0, 0
277, minecraft:village_desert, HEADING, header:ignore, 0, 0, 0
278, minecraft:village_plains, HEADING, header:ignore, 0, 0, 0
279, minecraft:village_savanna, HEADING, header:ignore, 0, 0, 0
280, minecraft:village_snowy, HEADING, header:ignore, 0, 0, 0
281, minecraft:village_taiga, HEADING, header:ignore, 0, 0, 0
282, planetsplus:vulcan/vulcan_dungeon, HEADING, header:ignore, 0, 0, 0
283, minecolonies:warpednetherlands_colony, HEADING, header:ignore, 0, 0, 0
284, minecolonies:warpednetherlands_colony, CREATURE, minecraft:cat, 80, 1, 2
285, tjibbe1_tech_structures:waste_field, HEADING, header:ignore, 0, 0, 0
286, terralith:witch_hut, HEADING, header:ignore, 0, 0, 0
287, terralith:witch_hut, MONSTER, minecraft:witch, 10, 1, 2
288, terralith:witch_hut, CREATURE, minecraft:cat, 10, 1, 1
